Starting 21cm_pipeline at Fri  7 Aug 16:35:46 BST 2026
Running on host: andromeda1.jb.man.ac.uk
Python script: run_pipeline.py --sim force
Log file: outputs/21cm_pipeline_20260807_163546.log
----------------------------------------

========================================================================
  STAGE 1 — SIMULATION
========================================================================
  Running run_simulation.py (this is the expensive stage) …
21cmFAST version: 4.1.1
Box         : 256 Mpc,  128³ cells  →  cell size = 2.0 Mpc
Mass res.   : 1.175e+10 M⊙/cell (DIM=384, 0.667 Mpc)  |  3.173e+11 M⊙/cell (HII_DIM=128, 2.00 Mpc)
Lightcone   : z = 6.995 → 7.005   (reference z_obs = 7.0)
LOS extent  : 3.5 Mpc  →  N_z = 100 slices
Box shape   : (128, 128, 100)
Node redshifts: 5 nodes from z=7.005 to z=6.995
Euclid      : M_UV < -18,  σ_z = 0.059

Running 21cmFAST lightcone simulation …
  z = 6.995 → 7.005,  N_z = 100 slices
  Lightcone shape : (128, 128, 100)
  LOS extent      : 200.0 Mpc
  <x_HI>          : 0.174
  dT_b            : [0.0, 21.8] mK

Matter options:
MatterOptions:DEXM_OPTIMIZE               : False
    FILTER                      : spherical-tophat
    HALO_FILTER                 : spherical-tophat
    HMF                         : ST
    KEEP_3D_VELOCITIES          : False
    MINIMIZE_MEMORY             : False
    PERTURB_ALGORITHM           : 2LPT
    PERTURB_ON_HIGH_RES         : False
    POWER_SPECTRUM              : EH
    SAMPLE_METHOD               : MASS-LIMITED
    SMOOTH_EVOLVED_DENSITY_FIELD: False
    SOURCE_MODEL                : CHMF-SAMPLER
    USE_FFTW_WISDOM             : False
    USE_INTERPOLATION_TABLES    : hmf-interpolation
    USE_RELATIVE_VELOCITIES     : False 

Extracting halo catalogue at z = 7.0 ...
  Number of halos: 114289081

Catalogue diagnostics:
  halo_coords shape = (114289081, 3), dtype = float32
  halo_masses shape = (114289081,), dtype = float32
  N_halos           = 114,289,081
  coord min/max     = 0.000, 256.000
  mass min/max      = 1.000e+08, 1.767e+12 Msun

  SFR diagnostics:
  N halos with SFR > 0 = 114,289,081
  SFR min/max = 1.479e-10 - 4.878e+02 Msun/yr
  SFR median  = 1.173e-05 Msun/yr

Constructing galaxy density field from lightcone halobox …
  SFR density  : [0.00e+00, 1.38e-07] (internal units)
  Galaxy δ     : [-1.00, 210.18]
  Shot-noise n̄ : 3.00e-03 h³ Mpc⁻³  (survey parameter)

Star-formation timescale: t_sf = t_STAR x t_H(z_obs) = 0.5 x 1.141 Gyr = 570.3 Myr

Estimating galaxy bias from the perturbed halo catalogue …
  Euclid window   : -22 < M_UV < -18
  SFR window      : 7.956e-01 - 3.167e+01 Msun/yr
  Halos SFR > 0   : 114,289,081
  Selected halos  : 49,020
  Halo mass range : 2.279e+09 - 7.493e+11 Msun
  <b_g>           : 4.746  (range 2.826 - 9.142)

Analytic HMF cross-check
  L_UV range = 6.918e+27 - 2.754e+29 erg s^-1 Hz^-1
  n_gal = 2.390e-03 Mpc^-3
  Analytic (scatter-free) galaxy bias = 5.39
  Selected halo mass range: 3.31e+10 - 3.63e+11 Msun

Adopted galaxy bias b_g = 4.746  (method: halo_catalog)
  Scatter-free analytic estimate would give 5.388 (1.1x higher) — the difference is 21cmFAST's log-normal SFR scatter.

Reference redshift z_obs = 7.0
Ω_m(z_obs)  = 0.9958
Growth rate f  = 0.9977
Galaxy bias b  = 4.7459732840182935
β = f/b        = 0.2102

Before RSD  →  δ_gal std = 4.018
After  RSD  →  δ_gal std = 4.030
Max Kaiser boost (μ=1)   = 1.210×

Saving outputs to outputs/lightcone_data.h5 …
  Datasets saved:
    brightness_temp_field  : (128, 128, 100)
    density_field          : (128, 128, 100)
    neutral_fraction       : (128, 128, 100)
    galaxy_overdensity     : (128, 128, 100)
    lc_redshifts           : (100,)
    lc_dist_Mpc            : (100,)
    halo_catalog/halo_masses    : (114289081,)
    halo_catalog/halo_coords    : (114289081, 3)
    halo_catalog/stellar_masses : (114289081,)
    halo_catalog/sfr            : (114289081,)

Simulation complete. Output written to: outputs/lightcone_data.h5
Next steps:
  jupyter notebook notebooks/plot_fields.ipynb   # Part 2: field plots
  jupyter notebook notebooks/analysis.ipynb      # Part 3: power spectra & SNR
  Simulation finished in 521.1 s

========================================================================
  STAGE 2 — ANALYSIS
========================================================================
  Loading outputs/lightcone_data.h5 …
  Fields   : (128, 128, 100)
  Halos    : 114,289,081 in file, 114,289,081 loaded (1/1 sampling)
  Computing 2D cylindrical power spectra …
  Done in 0.8 s → outputs/analysis_products.h5
  Photo-z smearing    : σ_r = 20.6 Mpc
  Horizon wedge slope : 3.151
  HERA FoV slope      : 0.379
  Modes outside wedge : 105/400 (26.2%)
  Total SNR (outside wedge) : 0.1 σ
  Euclid window       : -22.0 < M_UV < -18.0
  SFR window          : 7.956e-01 – 3.167e+01 M_sun/yr
  Halos with SFR > 0  : 114,289,081
  Selected halos      : 49,020
  Mean galaxy bias    : <b_g> = 4.746  (range 2.826 – 9.142)

========================================================================
  STAGE 3 — FIGURES
========================================================================
  wrote outputs/figures/lightcone_fields.png
  wrote outputs/figures/lightcone_slice.png
  wrote outputs/figures/halo_catalogue.png
  wrote outputs/figures/sfr_relations.png
  wrote outputs/figures/uv_luminosity_function.png
  wrote outputs/figures/stellar_mass_muv.png
  wrote outputs/figures/main_sequence.png
  wrote outputs/figures/power_spectra_2d.png
  wrote outputs/figures/cross_snr.png
  wrote outputs/figures/galaxy_bias.png

========================================================================
  PIPELINE SUMMARY
========================================================================
  Box               : 256 Mpc, 128² × 100 cells
  Lightcone         : z = 6.995 → 7.005  (z_obs = 7.0)
  <x_HI>            : 0.174
  Cross-spectrum    : large-scale mean = -3.922e+03  (anti-correlated)
  Modes outside wedge : 26.2%
  Total SNR         : 0.1 σ  (no detection at 5σ)
  <b_g> (Euclid-selected) : 4.746  from 49,020 halos
  Figures written   : 10
  Summary written   : outputs/pipeline_summary.json
  Elapsed           : 543.4 s
real 544.58
user 568.69
sys 20.29
----------------------------------------
Finished with status: COMPLETE
Finished at Fri  7 Aug 16:44:52 BST 2026
Total runtime: 00:09:06
CPU hours: 0.1636
Figures written: 10 in outputs/figures
